<?php return array (
  0 => 'Symfony\\Bundle\\FrameworkBundle\\Controller\\AbstractController',
  1 => 'App\\Controller\\AMHEController',
  2 => 'App\\Controller\\AdminController',
  3 => 'App\\Controller\\CategoryForumController',
  4 => 'App\\Controller\\ContactMessageController',
  5 => 'App\\Controller\\DisciplineController',
  6 => 'App\\Controller\\FaqController',
  7 => 'App\\Controller\\HomeController',
  8 => 'App\\Controller\\HomeDisciplineController',
  9 => 'App\\Controller\\HomeInfoController',
  10 => 'App\\Controller\\HomePicturesController',
  11 => 'App\\Controller\\HomeSectionForumController',
  12 => 'App\\Controller\\HowWeAreController',
  13 => 'App\\Controller\\LesAMHEController',
  14 => 'App\\Controller\\LesLamesDuPonantController',
  15 => 'App\\Controller\\MedievalFamilyController',
  16 => 'App\\Controller\\MessageForumController',
  17 => 'App\\Controller\\RegistrationController',
  18 => 'App\\Controller\\ResetPasswordController',
  19 => 'App\\Controller\\SecurityController',
  20 => 'App\\Controller\\SubjectForumController',
  21 => 'App\\Controller\\TimeStampController',
  22 => 'App\\Controller\\UserController',
  23 => 'App\\Entity\\AMHE',
  24 => 'App\\Entity\\CategoryForum',
  25 => 'App\\Entity\\ContactMessage',
  26 => 'App\\Entity\\Discipline',
  27 => 'App\\Entity\\Faq',
  28 => 'App\\Entity\\HomeDiscipline',
  29 => 'App\\Entity\\HomeInfo',
  30 => 'App\\Entity\\HomePictures',
  31 => 'App\\Entity\\HomeSectionForum',
  32 => 'App\\Entity\\HowWeAre',
  33 => 'App\\Entity\\LesLamesDuPonant',
  34 => 'App\\Entity\\MedievalFamily',
  35 => 'App\\Entity\\MessageForum',
  36 => 'App\\Entity\\ResetPasswordRequest',
  37 => 'App\\Entity\\SubjectForum',
  38 => 'App\\Entity\\TimeStamp',
  39 => 'App\\Entity\\User',
  40 => 'Doctrine\\Bundle\\DoctrineBundle\\Controller\\ProfilerController',
  41 => 'Doctrine\\ORM\\Cache\\Persister\\Entity\\AbstractEntityPersister',
  42 => 'Doctrine\\ORM\\Cache\\Persister\\Entity\\CachedEntityPersister',
  43 => 'Doctrine\\ORM\\Cache\\Persister\\Entity\\NonStrictReadWriteCachedEntityPersister',
  44 => 'Doctrine\\ORM\\Cache\\Persister\\Entity\\ReadOnlyCachedEntityPersister',
  45 => 'Doctrine\\ORM\\Cache\\Persister\\Entity\\ReadWriteCachedEntityPersister',
  46 => 'Doctrine\\ORM\\Persisters\\Entity\\AbstractEntityInheritancePersister',
  47 => 'Doctrine\\ORM\\Persisters\\Entity\\BasicEntityPersister',
  48 => 'Doctrine\\ORM\\Persisters\\Entity\\CachedPersisterContext',
  49 => 'Doctrine\\ORM\\Persisters\\Entity\\EntityPersister',
  50 => 'Doctrine\\ORM\\Persisters\\Entity\\JoinedSubclassPersister',
  51 => 'Doctrine\\ORM\\Persisters\\Entity\\SingleTablePersister',
  52 => 'SymfonyCasts\\Bundle\\ResetPassword\\Controller\\ResetPasswordControllerTrait',
  54 => 'Symfony\\Bundle\\FrameworkBundle\\Controller\\ControllerResolver',
  55 => 'Symfony\\Bundle\\FrameworkBundle\\Controller\\RedirectController',
  56 => 'Symfony\\Bundle\\FrameworkBundle\\Controller\\TemplateController',
  57 => 'Symfony\\Bundle\\WebProfilerBundle\\Controller\\ExceptionPanelController',
  58 => 'Symfony\\Bundle\\WebProfilerBundle\\Controller\\ProfilerController',
  59 => 'Symfony\\Bundle\\WebProfilerBundle\\Controller\\RouterController',
  60 => 'Symfony\\Component\\HttpKernel\\Controller\\ArgumentResolver',
  61 => 'Symfony\\Component\\HttpKernel\\Controller\\ArgumentResolverInterface',
  62 => 'Symfony\\Component\\HttpKernel\\Controller\\ArgumentResolver\\DefaultValueResolver',
  63 => 'Symfony\\Component\\HttpKernel\\Controller\\ArgumentResolver\\NotTaggedControllerValueResolver',
  64 => 'Symfony\\Component\\HttpKernel\\Controller\\ArgumentResolver\\RequestAttributeValueResolver',
  65 => 'Symfony\\Component\\HttpKernel\\Controller\\ArgumentResolver\\RequestValueResolver',
  66 => 'Symfony\\Component\\HttpKernel\\Controller\\ArgumentResolver\\ServiceValueResolver',
  67 => 'Symfony\\Component\\HttpKernel\\Controller\\ArgumentResolver\\SessionValueResolver',
  68 => 'Symfony\\Component\\HttpKernel\\Controller\\ArgumentResolver\\TraceableValueResolver',
  69 => 'Symfony\\Component\\HttpKernel\\Controller\\ArgumentResolver\\VariadicValueResolver',
  70 => 'Symfony\\Component\\HttpKernel\\Controller\\ArgumentValueResolverInterface',
  71 => 'Symfony\\Component\\HttpKernel\\Controller\\ContainerControllerResolver',
  72 => 'Symfony\\Component\\HttpKernel\\Controller\\ControllerReference',
  73 => 'Symfony\\Component\\HttpKernel\\Controller\\ControllerResolver',
  74 => 'Symfony\\Component\\HttpKernel\\Controller\\ControllerResolverInterface',
  75 => 'Symfony\\Component\\HttpKernel\\Controller\\ErrorController',
  76 => 'Symfony\\Component\\HttpKernel\\Controller\\TraceableArgumentResolver',
  77 => 'Symfony\\Component\\HttpKernel\\Controller\\TraceableControllerResolver',
  78 => 'Symfony\\Component\\Security\\Http\\Controller\\UserValueResolver',
);